
> smart-order-client@1.0.0 build
> vite build

[36mvite v5.4.21 [32mbuilding for production...[36m[39m
transforming...
[32mΓ£ô[39m 28 modules transformed.
npm : [31mx[39m Build failed in 4.31s
At line:1 char:1
+ npm run build 2>&1 | Out-File -FilePath 
build_errors.txt -Encoding ut ...
+ ~~~~~~~~~~~~~~~~~~
    + CategoryInfo          : NotSpecified: 
(    [31mx[39m Build failed in 
4.31s:String)     [], RemoteException
    + FullyQualifiedErrorId : 
NativeCommandEr    ror
 
[31merror during build:
[31m[vite:esbuild] Transform failed with 1 
error:
D:/Dream project/smart-order/client/src/page
s/central/CentralDashboardPage.jsx:33:9: 
ERROR: The symbol "Tooltip" has already 
been declared[31m
file: [36mD:/Dream project/smart-order/clie
nt/src/pages/central/CentralDashboardPage.js
x:33:9[31m
[33m
[33mThe symbol "Tooltip" has already been 
declared[33m
31 |  } from 'react-icons/fa'
32 |  import { Loader2, TrendingUp, 
TrendingDown, Minus } from 'lucide-react'
33 |  import { Tooltip, TooltipContent, 
TooltipProvider, TooltipTrigger } from 
'@/components/ui/tooltip'
   |           ^
34 |  
35 |  // ΓöÇΓöÇ Color palette for branches Γ
öÇΓöÇΓöÇΓöÇΓöÇΓöÇΓöÇΓöÇΓöÇΓöÇΓöÇΓöÇΓöÇΓöÇΓöÇ
ΓöÇΓöÇΓöÇΓöÇΓöÇΓöÇΓöÇΓöÇΓöÇΓöÇΓöÇΓöÇΓöÇΓöÇΓö
ÇΓöÇΓöÇΓöÇΓöÇΓöÇΓöÇΓöÇΓöÇΓöÇΓöÇΓöÇΓöÇΓöÇΓöÇΓ
öÇΓöÇΓöÇΓöÇΓöÇ
[31m
    at failureErrorWithLog (D:\Dream project
\smart-order\client\node_modules\esbuild\lib
\main.js:1472:15)
    at D:\Dream project\smart-order\client\n
ode_modules\esbuild\lib\main.js:755:50
    at responseCallbacks.<computed> 
(D:\Dream project\smart-order\client\node_mo
dules\esbuild\lib\main.js:622:9)
    at handleIncomingPacket (D:\Dream projec
t\smart-order\client\node_modules\esbuild\li
b\main.js:677:12)
    at Socket.readFromStdout (D:\Dream proje
ct\smart-order\client\node_modules\esbuild\l
ib\main.js:600:7)
    at Socket.emit (node:events:519:28)
    at addChunk 
(node:internal/streams/readable:559:12)
    at readableAddChunkPushByteMode 
(node:internal/streams/readable:510:3)
    at Readable.push 
(node:internal/streams/readable:390:5)
    at Pipe.onStreamRead (node:internal/stre
am_base_commons:191:23)[39m
